
> frontend@0.1.0 dev
> next dev --webpack

⚠ Port 3000 is in use by process 6848, using available port 3001 instead.
▲ Next.js 16.2.10 (webpack)
- Local:         http://localhost:3001
- Network:       http://192.168.1.7:3001
✓ Ready in 781ms
⚠ Invalid next.config.ts options detected: 
⚠     Unrecognized key(s) in object: 'swcMinify', 'optimizeFonts'
⚠ See more info here: https://nextjs.org/docs/messages/invalid-next-config
⚠ Warning: Next.js inferred your workspace root, but it may not be correct.
 We detected multiple lockfiles and selected the directory of C:\hacker\LIA\package-lock.json as the root directory.
 To silence this warning, set `outputFileTracingRoot` in your Next.js config, or consider removing one of the lockfiles if it's not needed.
   See https://nextjs.org/docs/app/api-reference/config/next-config-js/output#caveats for more information.
 Detected additional lockfiles: 
   * C:\hacker\LIA\frontend\package-lock.json

⨯ Another next dev server is already running.

- Local:        http://localhost:3THREE.Clock: This module has been deprecated. Please use THREE.Timer instead.
 GET / 200 in 988ms (next.js: 595ms, application-code: 392ms)
THREE.Clock: This module has been deprecated. Please use THREE.Timer instead.
 GET / 200 in 49ms (next.js: 5ms, application-code: 45ms)
THREE.Clock: This module has been deprecated. Please use THREE.Timer instead.
 GET / 200 in 54ms (next.js: 4ms, application-code: 50ms)
THREE.Clock: This module has been deprecated. Please use THREE.Timer instead.
 GET / 200 in 62ms (next.js: 5ms, application-code: 57ms)
